// Jest Snapshot v1, https://goo.gl/fbAQLP

exports[`loginComponent should render correctly  1`] = `ShallowWrapper {}`;
