// Jest Snapshot v1, https://goo.gl/fbAQLP

exports[`AvatarImage Component Render correctly 1`] = `ShallowWrapper {}`;
